// Jest Snapshot v1, https://goo.gl/fbAQLP

exports[`Should render Header correctly 1`] = `
<div
  className="box-layout"
>
  <div
    className="box-layout__box"
  >
    <h1
      className="box-layout__title"
    >
      BoilerPlate
    </h1>
    <p>
      Use this for a quick login page with google.
    </p>
    <button
      className="btn"
    >
      Log in with 
      <i
        aria-hidden="true"
        className="fa fa-google-plus"
      />
    </button>
  </div>
</div>
`;
